cell                                   arm/kernel        trials       min       max   spread  verdict
ctl.del n=300000                       pre/serial             7     17.08     17.69     3.5%  stable
ctl.del n=3000000                      pre/serial             7     22.56     22.75     0.8%  stable
ctl.get n=300000                       pre/serial             7    103.61    103.97     0.3%  stable
ctl.get n=3000000                      pre/serial             7    110.89    111.83     0.8%  stable
ctl.getr n=300000                      pre/serial             7    344.03    346.49     0.7%  stable
ctl.getr n=3000000                     pre/serial             7    518.28    521.11     0.5%  stable
ctl.hasr n=300000                      pre/serial             7     58.61     62.38     6.4%  stable
ctl.hasr n=3000000                     pre/serial             7    118.90    119.60     0.6%  stable
ctl.set n=300000                       pre/serial             7     98.57    100.85     2.3%  stable
ctl.set n=3000000                      pre/serial             7    100.56    101.96     1.4%  stable
jarr.del n=300000                      pre/serial             7    104.98    107.68     2.6%  stable
jarr.delpfx n=300000                   pre/serial             7     12.78     13.36     4.5%  stable
jarr.get n=300000                      pre/serial             7    303.05    309.87     2.3%  stable
jarr.getr n=300000                     pre/serial             7    567.35    573.35     1.1%  stable
jarr.hasr n=300000                     pre/serial             7    226.68    227.84     0.5%  stable
jarr.keys n=300000                     pre/serial             7      8.17      8.38     2.6%  stable
jarr.set n=300000                      pre/serial             7     72.32     76.81     6.2%  stable
jint.del n=300000                      pre/serial             7     91.14     94.06     3.2%  stable
jint.del n=3000000                     pre/serial             7     89.77     90.15     0.4%  stable
jint.delpfx n=300000                   pre/serial             7     11.62     12.20     4.9%  stable
jint.delpfx n=3000000                  pre/serial             7      1.18      1.21     2.6%  stable
jint.get n=300000                      pre/serial             7    107.03    107.74     0.7%  stable
jint.get n=3000000                     pre/serial             7    100.71    101.64     0.9%  stable
jint.getr n=300000                     pre/serial             7    307.24    310.27     1.0%  stable
jint.getr n=3000000                    pre/serial             7    510.20    511.64     0.3%  stable
jint.hasr n=300000                     pre/serial             7    226.41    227.03     0.3%  stable
jint.hasr n=3000000                    pre/serial             7    344.83    345.61     0.2%  stable
jint.keys n=300000                     pre/serial             7      8.23      8.44     2.6%  stable
jint.keys n=3000000                    pre/serial             7      0.86      0.91     5.9%  stable
jint.set n=300000                      pre/serial             7     71.15     75.74     6.4%  stable
jint.set n=3000000                     pre/serial             7     72.78     73.40     0.9%  stable
jser.del n=300000                      pre/serial             7     92.17     94.98     3.0%  stable
jser.del n=3000000                     pre/serial             7     90.91     91.32     0.5%  stable
jser.delpfx n=300000                   pre/serial             7     11.66     12.33     5.7%  stable
jser.delpfx n=3000000                  pre/serial             7      1.19      1.21     1.4%  stable
jser.get n=300000                      pre/serial             7    107.15    108.11     0.9%  stable
jser.get n=3000000                     pre/serial             7    100.19    101.11     0.9%  stable
jser.getr n=300000                     pre/serial             7    328.43    329.94     0.5%  stable
jser.getr n=3000000                    pre/serial             7    530.21    532.51     0.4%  stable
jser.hasr n=300000                     pre/serial             7    226.32    227.02     0.3%  stable
jser.hasr n=3000000                    pre/serial             7    344.75    346.66     0.6%  stable
jser.keys n=300000                     pre/serial             7      8.21      8.40     2.3%  stable
jser.keys n=3000000                    pre/serial             7      0.87      0.88     1.4%  stable
jser.set n=300000                      pre/serial             7     71.67     76.97     7.4%  stable
jser.set n=3000000                     pre/serial             7     72.64     73.11     0.6%  stable
raw.del n=300000                       pre/serial             7    146.73    148.97     1.5%  stable
raw.delpfx n=300000                    pre/serial             7     13.16     13.89     5.6%  stable
raw.get n=300000                       pre/serial             7    427.40    435.60     1.9%  stable
raw.getr n=300000                      pre/serial             7    655.63    660.28     0.7%  stable
raw.hasr n=300000                      pre/serial             7    279.90    281.40     0.5%  stable
raw.keys n=300000                      pre/serial             7     10.52     10.79     2.6%  stable
raw.set n=300000                       pre/serial             7    352.08    368.16     4.6%  stable
rawint.del n=300000                    pre/serial             7    131.10    133.63     1.9%  stable
rawint.del n=3000000                   pre/serial             7    137.99    138.63     0.5%  stable
rawint.delpfx n=300000                 pre/serial             7     11.97     12.65     5.7%  stable
rawint.delpfx n=3000000                pre/serial             7      1.22      1.24     1.4%  stable
rawint.get n=300000                    pre/serial             7    167.85    170.69     1.7%  stable
rawint.get n=3000000                   pre/serial             7    167.31    168.42     0.7%  stable
rawint.getr n=300000                   pre/serial             7    393.87    396.87     0.8%  stable
rawint.getr n=3000000                  pre/serial             7    633.74    636.66     0.5%  stable
rawint.hasr n=300000                   pre/serial             7    279.16    280.76     0.6%  stable
rawint.hasr n=3000000                  pre/serial             7    457.43    459.27     0.4%  stable
rawint.keys n=300000                   pre/serial             7     10.50     10.71     2.0%  stable
rawint.keys n=3000000                  pre/serial             7      1.12      1.14     1.8%  stable
rawint.set n=300000                    pre/serial             7    137.28    141.45     3.0%  stable
rawint.set n=3000000                   pre/serial             7    141.38    142.80     1.0%  stable
ser.del n=300000                       pre/serial             7    133.49    136.07     1.9%  stable
ser.del n=3000000                      pre/serial             7    139.84    140.70     0.6%  stable
ser.delpfx n=300000                    pre/serial             7     12.15     12.88     5.9%  stable
ser.delpfx n=3000000                   pre/serial             7      1.25      1.26     0.7%  stable
ser.get n=300000                       pre/serial             7    274.70    276.94     0.8%  stable
ser.get n=3000000                      pre/serial             7    275.18    278.06     1.0%  stable
ser.getr n=300000                      pre/serial             7    589.58    592.52     0.5%  stable
ser.getr n=3000000                     pre/serial             7    805.02    809.25     0.5%  stable
ser.hasr n=300000                      pre/serial             7    278.84    281.42     0.9%  stable
ser.hasr n=3000000                     pre/serial             7    456.54    457.64     0.2%  stable
ser.keys n=300000                      pre/serial             7     10.54     10.75     2.0%  stable
ser.keys n=3000000                     pre/serial             7      1.13      1.14     0.8%  stable
ser.set n=300000                       pre/serial             7    545.56    567.74     4.1%  stable
ser.set n=3000000                      pre/serial             7   1149.14   1153.41     0.4%  stable

All baseline cells stable within 15%.
